1
2
zhezhao